{
  "hostname": "ma-job-f80a49b7-d83d-4ce3-bbe3-42f6b4c1d10f-vj-0-worker-0",
  "hardware_summary": {
    "architecture": "aarch64",
    "vendor_id": "HiSilicon",
    "cpu_count": 320,
    "threads_per_core": 1,
    "clusters": 4,
    "numa_nodes": 8,
    "cpu_max_mhz": 3000.0,
    "cpu_min_mhz": 400.0,
    "l1d_cache": "20 MiB (320 instances)",
    "l2_cache": "400 MiB (320 instances)",
    "l3_cache": "560 MiB (8 instances)"
  },
  "memory_total_human": "2.0 TiB",
  "memory_available_human": "1.9 TiB",
  "memory_total_kb": 2108088004,
  "memory_available_kb": 2071582120,
  "lscpu_raw": "Architecture:                         aarch64\nCPU op-mode(s):                       64-bit\nByte Order:                           Little Endian\nCPU(s):                               320\nOn-line CPU(s) list:                  0-319\nVendor ID:                            HiSilicon\nModel:                                0\nThread(s) per core:                   1\nCore(s) per cluster:                  80\nSocket(s):                            -\nCluster(s):                           4\nStepping:                             0x0\nFrequency boost:                      disabled\nCPU max MHz:                          3000.0000\nCPU min MHz:                          400.0000\nBogoMIPS:                             200.00\nFlags:                                fp asimd evtstrm aes pmull sha1 sha2 crc32 atomics fphp asimdhp cpuid asimdrdm jscvt fcma lrcpc dcpop sha3 sm3 sm4 asimddp sha512 sve asimdfhm dit uscat ilrcpc flagm ssbs sb paca pacg dcpodp flagm2 frint svei8mm svef32mm svef64mm svebf16 i8mm bf16 dgh rng ecv\nL1d cache:                            20 MiB (320 instances)\nL1i cache:                            20 MiB (320 instances)\nL2 cache:                             400 MiB (320 instances)\nL3 cache:                             560 MiB (8 instances)\nNUMA node(s):                         8\nNUMA node0 CPU(s):                    0-39\nNUMA node1 CPU(s):                    40-79\nNUMA node2 CPU(s):                    80-119\nNUMA node3 CPU(s):                    120-159\nNUMA node4 CPU(s):                    160-199\nNUMA node5 CPU(s):                    200-239\nNUMA node6 CPU(s):                    240-279\nNUMA node7 CPU(s):                    280-319\n",
  "free_h_raw": "               total        used        free      shared  buff/cache   available\nMem:           2.0Ti        22Gi       1.9Ti       5.3Gi       9.8Gi       1.9Ti\nSwap:             0B          0B          0B",
  "meminfo_raw": "MemTotal:       2108088004 kB\nMemFree:        2074284424 kB\nMemAvailable:   2071582120 kB\nSwapTotal:             0 kB\nSwapFree:              0 kB",
  "numactl_raw": "available: 8 nodes (0-7)\nnode 0 cpus: 0 1 2 3 4 5 6 7 8 9 10 11 12 13 14 15 16 17 18 19 20 21 22 23 24 25 26 27 28 29 30 31 32 33 34 35 36 37 38 39\nnode 0 size: 257873 MB\nnode 0 free: 247872 MB\nnode 1 cpus: 40 41 42 43 44 45 46 47 48 49 50 51 52 53 54 55 56 57 58 59 60 61 62 63 64 65 66 67 68 69 70 71 72 73 74 75 76 77 78 79\nnode 1 size: 256676 MB\nnode 1 free: 245553 MB\nnode 2 cpus: 80 81 82 83 84 85 86 87 88 89 90 91 92 93 94 95 96 97 98 99 100 101 102 103 104 105 106 107 108 109 110 111 112 113 114 115 116 117 118 119\nnode 2 size: 258042 MB\nnode 2 free: 257258 MB\nnode 3 cpus: 120 121 122 123 124 125 126 127 128 129 130 131 132 133 134 135 136 137 138 139 140 141 142 143 144 145 146 147 148 149 150 151 152 153 154 155 156 157 158 159\nnode 3 size: 258042 MB\nnode 3 free: 253144 MB\nnode 4 cpus: 160 161 162 163 164 165 166 167 168 169 170 171 172 173 174 175 176 177 178 179 180 181 182 183 184 185 186 187 188 189 190 191 192 193 194 195 196 197 198 199\nnode 4 size: 258042 MB\nnode 4 free: 256422 MB\nnode 5 cpus: 200 201 202 203 204 205 206 207 208 209 210 211 212 213 214 215 216 217 218 219 220 221 222 223 224 225 226 227 228 229 230 231 232 233 234 235 236 237 238 239\nnode 5 size: 258042 MB\nnode 5 free: 257229 MB\nnode 6 cpus: 240 241 242 243 244 245 246 247 248 249 250 251 252 253 254 255 256 257 258 259 260 261 262 263 264 265 266 267 268 269 270 271 272 273 274 275 276 277 278 279\nnode 6 size: 253917 MB\nnode 6 free: 252047 MB\nnode 7 cpus: 280 281 282 283 284 285 286 287 288 289 290 291 292 293 294 295 296 297 298 299 300 301 302 303 304 305 306 307 308 309 310 311 312 313 314 315 316 317 318 319\nnode 7 size: 258042 MB\nnode 7 free: 256138 MB\nnode distances:\nnode   0   1   2   3   4   5   6   7 \n  0:  10  15  20  20  20  20  20  20 \n  1:  15  10  20  20  20  20  20  20 \n  2:  20  20  10  15  20  20  20  20 \n  3:  20  20  15  10  20  20  20  20 \n  4:  20  20  20  20  10  15  20  20 \n  5:  20  20  20  20  15  10  20  20 \n  6:  20  20  20  20  20  20  10  15 \n  7:  20  20  20  20  20  20  15  10"
}